MPLINK 5.09, LINKER
Linker Map File - Created Tue Dec 18 20:11:22 2018

                                 Section Info
                  Section       Type    Address   Location Size(Bytes)
                ---------  ---------  ---------  ---------  ---------
                 RST_VECT       code   0x000000    program   0x000002
                   .cinit    romdata   0x000001    program   0x000004
                MAIN_PROG       code   0x000005    program   0x00000c
                   SECT_2       code   0x000010    program   0x00008c
.config_2007_BUILD/DEFAULT/PRODUCTION/MAIN.O       code   0x002007    program   0x000002
.config_2008_BUILD/DEFAULT/PRODUCTION/MAIN.O       code   0x002008    program   0x000002
                   bank_0      udata   0x000020       data   0x000001
                   bank_3      udata   0x000110       data   0x000003



                              Program Memory Usage 
                               Start         End      
                           ---------   ---------      
                            0x000000    0x000002      
                            0x000005    0x00000a      
                            0x000010    0x000055      
                            0x002007    0x002008      
            81 out of 8455 program addresses used, program memory utilization is 0%



                              Symbols - Sorted by Name
                     Name    Address   Location    Storage File                     
                ---------  ---------  ---------  --------- ---------                
                 end_loop   0x000006    program     static C:\Users\carpennp\Documents\Projects\Tests\PM_read_write_test.X\main.asm
                  pm_read   0x000010    program     static C:\Users\carpennp\Documents\Projects\Tests\PM_read_write_test.X\main.asm
                 pm_write   0x000025    program     static C:\Users\carpennp\Documents\Projects\Tests\PM_read_write_test.X\main.asm
                    start   0x000005    program     static C:\Users\carpennp\Documents\Projects\Tests\PM_read_write_test.X\main.asm
            test_sequence   0x000007    program     static C:\Users\carpennp\Documents\Projects\Tests\PM_read_write_test.X\main.asm
                    write   0x000032    program     static C:\Users\carpennp\Documents\Projects\Tests\PM_read_write_test.X\main.asm
                 cur_addr   0x000110       data     static C:\Users\carpennp\Documents\Projects\Tests\PM_read_write_test.X\main.asm
                   inst_h   0x000112       data     static C:\Users\carpennp\Documents\Projects\Tests\PM_read_write_test.X\main.asm
                   inst_l   0x000111       data     static C:\Users\carpennp\Documents\Projects\Tests\PM_read_write_test.X\main.asm
                inst_rslt   0x000020       data     static C:\Users\carpennp\Documents\Projects\Tests\PM_read_write_test.X\main.asm



                              Symbols - Sorted by Address
                     Name    Address   Location    Storage File                     
                ---------  ---------  ---------  --------- ---------                
                    start   0x000005    program     static C:\Users\carpennp\Documents\Projects\Tests\PM_read_write_test.X\main.asm
                 end_loop   0x000006    program     static C:\Users\carpennp\Documents\Projects\Tests\PM_read_write_test.X\main.asm
            test_sequence   0x000007    program     static C:\Users\carpennp\Documents\Projects\Tests\PM_read_write_test.X\main.asm
                  pm_read   0x000010    program     static C:\Users\carpennp\Documents\Projects\Tests\PM_read_write_test.X\main.asm
                 pm_write   0x000025    program     static C:\Users\carpennp\Documents\Projects\Tests\PM_read_write_test.X\main.asm
                    write   0x000032    program     static C:\Users\carpennp\Documents\Projects\Tests\PM_read_write_test.X\main.asm
                inst_rslt   0x000020       data     static C:\Users\carpennp\Documents\Projects\Tests\PM_read_write_test.X\main.asm
                 cur_addr   0x000110       data     static C:\Users\carpennp\Documents\Projects\Tests\PM_read_write_test.X\main.asm
                   inst_l   0x000111       data     static C:\Users\carpennp\Documents\Projects\Tests\PM_read_write_test.X\main.asm
                   inst_h   0x000112       data     static C:\Users\carpennp\Documents\Projects\Tests\PM_read_write_test.X\main.asm


