MPLINK 5.09, LINKER
Linker Map File - Created Thu Dec 13 03:44:18 2018

                                 Section Info
                  Section       Type    Address   Location Size(Bytes)
                ---------  ---------  ---------  ---------  ---------
                 RES_VECT       code   0x000000    program   0x000002
                 INT_VECT       code   0x000004    program   0x000002
                   .cinit    romdata   0x001800    program   0x000004
                MAIN_PROG       code   0x001802    program   0x0000a6
                    dbgP0       code   0x001f00    program   0x0001fe
.config_2007_BUILD/DEFAULT/DEBUG/SRC/MAIN.O       code   0x002007    program   0x000002
.config_2008_BUILD/DEFAULT/DEBUG/SRC/MAIN.O       code   0x002008    program   0x000002
                   .udata      udata   0x000020       data   0x000009
                    dbgD0      udata   0x000070       data   0x000001
                    dbgD1      udata   0x0000f0       data   0x000001
                    dbgD2      udata   0x000170       data   0x000001
                    dbgD3      udata   0x0001e5       data   0x00000b
                    dbgD4      udata   0x0001f0       data   0x000001



                              Program Memory Usage 
                               Start         End      
                           ---------   ---------      
                            0x000000    0x000000      
                            0x000004    0x000004      
                            0x001800    0x001854      
                            0x001f00    0x001ffe      
                            0x002007    0x002008      
            344 out of 8455 program addresses used, program memory utilization is 4%



                              Symbols - Sorted by Name
                     Name    Address   Location    Storage File                     
                ---------  ---------  ---------  --------- ---------                
        check_each_column   0x001812    program     static src\main.asm             
           check_each_row   0x00181c    program     static src\main.asm             
                      isr   0x001805    program     static src\main.asm             
                 key_init   0x00183e    program     static src\main.asm             
               key_update   0x00180c    program     static src\main.asm             
              output_init   0x00184e    program     static src\main.asm             
          row_check_clear   0x001833    program     static src\main.asm             
            row_check_set   0x00182a    program     static src\main.asm             
                    start   0x001802    program     static src\main.asm             
                 sys_loop   0x00180b    program     static src\main.asm             
                        i   0x000022       data     static src\main.asm             
                        k   0x000023       data     static src\main.asm             
                 key_buff   0x000020       data     static src\main.asm             
                        m   0x000024       data     static src\main.asm             
                        n   0x000026       data     static src\main.asm             
                        t   0x000028       data     static src\main.asm             



                              Symbols - Sorted by Address
                     Name    Address   Location    Storage File                     
                ---------  ---------  ---------  --------- ---------                
                    start   0x001802    program     static src\main.asm             
                      isr   0x001805    program     static src\main.asm             
                 sys_loop   0x00180b    program     static src\main.asm             
               key_update   0x00180c    program     static src\main.asm             
        check_each_column   0x001812    program     static src\main.asm             
           check_each_row   0x00181c    program     static src\main.asm             
            row_check_set   0x00182a    program     static src\main.asm             
          row_check_clear   0x001833    program     static src\main.asm             
                 key_init   0x00183e    program     static src\main.asm             
              output_init   0x00184e    program     static src\main.asm             
                 key_buff   0x000020       data     static src\main.asm             
                        i   0x000022       data     static src\main.asm             
                        k   0x000023       data     static src\main.asm             
                        m   0x000024       data     static src\main.asm             
                        n   0x000026       data     static src\main.asm             
                        t   0x000028       data     static src\main.asm             


