MPLINK 5.09, LINKER
Linker Map File - Created Mon Jan 21 01:44:24 2019

                                 Section Info
                  Section       Type    Address   Location Size(Bytes)
                ---------  ---------  ---------  ---------  ---------
                 RES_VECT       code   0x000000    program   0x000002
                   .cinit    romdata   0x000001    program   0x000004
                 INT_VECT       code   0x000004    program   0x000006
                MAIN_PROG       code   0x000007    program   0x0000e4
.config_2007_BUILD/DEFAULT/DEBUG/SRC/MAIN.O       code   0x002007    program   0x000002
.config_2008_BUILD/DEFAULT/DEBUG/SRC/MAIN.O       code   0x002008    program   0x000002
                   .udata      udata   0x000020       data   0x000029



                              Program Memory Usage 
                               Start         End      
                           ---------   ---------      
                            0x000000    0x000002      
                            0x000004    0x000078      
                            0x002007    0x002008      
            122 out of 8455 program addresses used, program memory utilization is 1%



                              Symbols - Sorted by Name
                     Name    Address   Location    Storage File                     
                ---------  ---------  ---------  --------- ---------                
          _MAIN_PROG_0001   0x000008    program     static src\main.asm             
         keyboard_handler   0x000022    program     static src\main.asm             
                    setup   0x000009    program     static src\main.asm             
                    start   0x000007    program     static src\main.asm             
      wait_for_data0_high   0x00002f    program     static src\main.asm             
       wait_for_data0_low   0x000031    program     static src\main.asm             
      wait_for_data1_high   0x000037    program     static src\main.asm             
       wait_for_data1_low   0x000039    program     static src\main.asm             
      wait_for_data2_high   0x00003f    program     static src\main.asm             
       wait_for_data2_low   0x000041    program     static src\main.asm             
      wait_for_data3_high   0x000047    program     static src\main.asm             
       wait_for_data3_low   0x000049    program     static src\main.asm             
      wait_for_data4_high   0x00004f    program     static src\main.asm             
       wait_for_data4_low   0x000051    program     static src\main.asm             
      wait_for_data5_high   0x000057    program     static src\main.asm             
       wait_for_data5_low   0x000059    program     static src\main.asm             
      wait_for_data6_high   0x00005f    program     static src\main.asm             
       wait_for_data6_low   0x000061    program     static src\main.asm             
      wait_for_data7_high   0x000067    program     static src\main.asm             
       wait_for_data7_low   0x000069    program     static src\main.asm             
     wait_for_parity_high   0x00006f    program     static src\main.asm             
      wait_for_parity_low   0x000071    program     static src\main.asm             
       wait_for_stop_high   0x000073    program     static src\main.asm             
        wait_for_stop_low   0x000075    program     static src\main.asm             
                key_index   0x000048       data     static src\main.asm             
              key_storage   0x000020       data     static src\main.asm             



                              Symbols - Sorted by Address
                     Name    Address   Location    Storage File                     
                ---------  ---------  ---------  --------- ---------                
                    start   0x000007    program     static src\main.asm             
          _MAIN_PROG_0001   0x000008    program     static src\main.asm             
                    setup   0x000009    program     static src\main.asm             
         keyboard_handler   0x000022    program     static src\main.asm             
      wait_for_data0_high   0x00002f    program     static src\main.asm             
       wait_for_data0_low   0x000031    program     static src\main.asm             
      wait_for_data1_high   0x000037    program     static src\main.asm             
       wait_for_data1_low   0x000039    program     static src\main.asm             
      wait_for_data2_high   0x00003f    program     static src\main.asm             
       wait_for_data2_low   0x000041    program     static src\main.asm             
      wait_for_data3_high   0x000047    program     static src\main.asm             
       wait_for_data3_low   0x000049    program     static src\main.asm             
      wait_for_data4_high   0x00004f    program     static src\main.asm             
       wait_for_data4_low   0x000051    program     static src\main.asm             
      wait_for_data5_high   0x000057    program     static src\main.asm             
       wait_for_data5_low   0x000059    program     static src\main.asm             
      wait_for_data6_high   0x00005f    program     static src\main.asm             
       wait_for_data6_low   0x000061    program     static src\main.asm             
      wait_for_data7_high   0x000067    program     static src\main.asm             
       wait_for_data7_low   0x000069    program     static src\main.asm             
     wait_for_parity_high   0x00006f    program     static src\main.asm             
      wait_for_parity_low   0x000071    program     static src\main.asm             
       wait_for_stop_high   0x000073    program     static src\main.asm             
        wait_for_stop_low   0x000075    program     static src\main.asm             
              key_storage   0x000020       data     static src\main.asm             
                key_index   0x000048       data     static src\main.asm             


