MPLINK 5.09, LINKER
Linker Map File - Created Wed Dec 05 00:32:55 2018

                                 Section Info
                  Section       Type    Address   Location Size(Bytes)
                ---------  ---------  ---------  ---------  ---------
                 RES_VECT       code   0x000000    program   0x000002
                   .cinit    romdata   0x000001    program   0x000004
                 INT_VECT       code   0x000004    program   0x000002
                MAIN_PROG       code   0x000005    program   0x000040
.config_2007_BUILD/DEFAULT/PRODUCTION/SRC/MAI       code   0x002007    program   0x000002
.config_2008_BUILD/DEFAULT/PRODUCTION/SRC/MAI       code   0x002008    program   0x000002
                   .udata      udata   0x000020       data   0x000002



                              Program Memory Usage 
                               Start         End      
                           ---------   ---------      
                            0x000000    0x000002      
                            0x000004    0x000024      
                            0x002007    0x002008      
            38 out of 8455 program addresses used, program memory utilization is 0%



                              Symbols - Sorted by Name
                     Name    Address   Location    Storage File                     
                ---------  ---------  ---------  --------- ---------                
                      isr   0x000008    program     static src\main.asm             
                 key_init   0x00000e    program     static src\main.asm             
              output_init   0x00001e    program     static src\main.asm             
                    start   0x000005    program     static src\main.asm             
                 sys_loop   0x00000d    program     static src\main.asm             
                 key_buff   0x000020       data     static src\main.asm             



                              Symbols - Sorted by Address
                     Name    Address   Location    Storage File                     
                ---------  ---------  ---------  --------- ---------                
                    start   0x000005    program     static src\main.asm             
                      isr   0x000008    program     static src\main.asm             
                 sys_loop   0x00000d    program     static src\main.asm             
                 key_init   0x00000e    program     static src\main.asm             
              output_init   0x00001e    program     static src\main.asm             
                 key_buff   0x000020       data     static src\main.asm             


