MPLINK 5.09, LINKER
Linker Map File - Created Wed Dec 05 19:00:23 2018

                                 Section Info
                  Section       Type    Address   Location Size(Bytes)
                ---------  ---------  ---------  ---------  ---------
                 RES_VECT       code   0x000000    program   0x000002
                   .cinit    romdata   0x000001    program   0x000004
                 INT_VECT       code   0x000004    program   0x000002
                MAIN_PROG       code   0x000005    program   0x0000a6
.config_2007_BUILD/DEFAULT/PRODUCTION/SRC/MAI       code   0x002007    program   0x000002
.config_2008_BUILD/DEFAULT/PRODUCTION/SRC/MAI       code   0x002008    program   0x000002
                   .udata      udata   0x000020       data   0x000009



                              Program Memory Usage 
                               Start         End      
                           ---------   ---------      
                            0x000000    0x000002      
                            0x000004    0x000057      
                            0x002007    0x002008      
            89 out of 8455 program addresses used, program memory utilization is 1%



                              Symbols - Sorted by Name
                     Name    Address   Location    Storage File                     
                ---------  ---------  ---------  --------- ---------                
        check_each_column   0x000015    program     static src\main.asm             
           check_each_row   0x00001f    program     static src\main.asm             
                      isr   0x000008    program     static src\main.asm             
                 key_init   0x000041    program     static src\main.asm             
               key_update   0x00000f    program     static src\main.asm             
              output_init   0x000051    program     static src\main.asm             
          row_check_clear   0x000036    program     static src\main.asm             
            row_check_set   0x00002d    program     static src\main.asm             
                    start   0x000005    program     static src\main.asm             
                 sys_loop   0x00000e    program     static src\main.asm             
                        i   0x000022       data     static src\main.asm             
                        k   0x000023       data     static src\main.asm             
                 key_buff   0x000020       data     static src\main.asm             
                        m   0x000024       data     static src\main.asm             
                        n   0x000026       data     static src\main.asm             
                        t   0x000028       data     static src\main.asm             



                              Symbols - Sorted by Address
                     Name    Address   Location    Storage File                     
                ---------  ---------  ---------  --------- ---------                
                    start   0x000005    program     static src\main.asm             
                      isr   0x000008    program     static src\main.asm             
                 sys_loop   0x00000e    program     static src\main.asm             
               key_update   0x00000f    program     static src\main.asm             
        check_each_column   0x000015    program     static src\main.asm             
           check_each_row   0x00001f    program     static src\main.asm             
            row_check_set   0x00002d    program     static src\main.asm             
          row_check_clear   0x000036    program     static src\main.asm             
                 key_init   0x000041    program     static src\main.asm             
              output_init   0x000051    program     static src\main.asm             
                 key_buff   0x000020       data     static src\main.asm             
                        i   0x000022       data     static src\main.asm             
                        k   0x000023       data     static src\main.asm             
                        m   0x000024       data     static src\main.asm             
                        n   0x000026       data     static src\main.asm             
                        t   0x000028       data     static src\main.asm             


