MPLINK 5.09, LINKER
Linker Map File - Created Mon Jan 21 02:00:17 2019

                                 Section Info
                  Section       Type    Address   Location Size(Bytes)
                ---------  ---------  ---------  ---------  ---------
                MAIN_PROG       code   0x000000    program   0x00000c
               USER_SPACE       code   0x000007    program   0x000008
                   .cinit    romdata   0x00000b    program   0x000004
             KERNAL_SPACE       code   0x000010    program   0x00007a
.config_2007_BUILD/DEFAULT/DEBUG/MAIN.O       code   0x002007    program   0x000002
.config_2008_BUILD/DEFAULT/DEBUG/MAIN.O       code   0x002008    program   0x000002
                   bank_2      udata   0x000110       data   0x000003



                              Program Memory Usage 
                               Start         End      
                           ---------   ---------      
                            0x000000    0x000005      
                            0x000007    0x00000c      
                            0x000010    0x00004c      
                            0x002007    0x002008      
            75 out of 8455 program addresses used, program memory utilization is 0%



                              Symbols - Sorted by Name
                     Name    Address   Location    Storage File                     
                ---------  ---------  ---------  --------- ---------                
                 end_loop   0x000005    program     static C:\Users\carpennp\Documents\Projects\Tests\PM_read_write_test.X\main.asm
                  pm_read   0x000010    program     static C:\Users\carpennp\Documents\Projects\Tests\PM_read_write_test.X\main.asm
                 pm_write   0x000025    program     static C:\Users\carpennp\Documents\Projects\Tests\PM_read_write_test.X\main.asm
                    start   0x000000    program     static C:\Users\carpennp\Documents\Projects\Tests\PM_read_write_test.X\main.asm
            test_sequence   0x000007    program     static C:\Users\carpennp\Documents\Projects\Tests\PM_read_write_test.X\main.asm
                    write   0x000030    program     static C:\Users\carpennp\Documents\Projects\Tests\PM_read_write_test.X\main.asm
                   inst_h   0x000111       data     static C:\Users\carpennp\Documents\Projects\Tests\PM_read_write_test.X\main.asm
                   inst_l   0x000110       data     static C:\Users\carpennp\Documents\Projects\Tests\PM_read_write_test.X\main.asm
                inst_rslt   0x000112       data     static C:\Users\carpennp\Documents\Projects\Tests\PM_read_write_test.X\main.asm



                              Symbols - Sorted by Address
                     Name    Address   Location    Storage File                     
                ---------  ---------  ---------  --------- ---------                
                    start   0x000000    program     static C:\Users\carpennp\Documents\Projects\Tests\PM_read_write_test.X\main.asm
                 end_loop   0x000005    program     static C:\Users\carpennp\Documents\Projects\Tests\PM_read_write_test.X\main.asm
            test_sequence   0x000007    program     static C:\Users\carpennp\Documents\Projects\Tests\PM_read_write_test.X\main.asm
                  pm_read   0x000010    program     static C:\Users\carpennp\Documents\Projects\Tests\PM_read_write_test.X\main.asm
                 pm_write   0x000025    program     static C:\Users\carpennp\Documents\Projects\Tests\PM_read_write_test.X\main.asm
                    write   0x000030    program     static C:\Users\carpennp\Documents\Projects\Tests\PM_read_write_test.X\main.asm
                   inst_l   0x000110       data     static C:\Users\carpennp\Documents\Projects\Tests\PM_read_write_test.X\main.asm
                   inst_h   0x000111       data     static C:\Users\carpennp\Documents\Projects\Tests\PM_read_write_test.X\main.asm
                inst_rslt   0x000112       data     static C:\Users\carpennp\Documents\Projects\Tests\PM_read_write_test.X\main.asm


