MPLINK 5.09, LINKER
Linker Map File - Created Sun Jan 27 20:16:46 2019

                                 Section Info
                  Section       Type    Address   Location Size(Bytes)
                ---------  ---------  ---------  ---------  ---------
                 RES_VECT       code   0x000000    program   0x000002
                   .cinit    romdata   0x000001    program   0x000004
                 INT_VECT       code   0x000004    program   0x000002
                MAIN_PROG       code   0x000005    program   0x000054
.config_2007_BUILD/DEFAULT/DEBUG/MAIN.O       code   0x002007    program   0x000002
.config_2008_BUILD/DEFAULT/DEBUG/MAIN.O       code   0x002008    program   0x000002
                   .udata      udata   0x000020       data   0x000001



                              Program Memory Usage 
                               Start         End      
                           ---------   ---------      
                            0x000000    0x000002      
                            0x000004    0x00002e      
                            0x002007    0x002008      
            48 out of 8455 program addresses used, program memory utilization is 0%



                              Symbols - Sorted by Name
                     Name    Address   Location    Storage File                     
                ---------  ---------  ---------  --------- ---------                
          _MAIN_PROG_0006   0x000006    program     static E:\OneDrive - Rose-Hulman Institute of Technology\Documents\Code Projects\PIC-TAC-TOS\examples\NTSC.X\main.asm
                init_tmr0   0x000019    program     static E:\OneDrive - Rose-Hulman Institute of Technology\Documents\Code Projects\PIC-TAC-TOS\examples\NTSC.X\main.asm
                      isr   0x000007    program     static E:\OneDrive - Rose-Hulman Institute of Technology\Documents\Code Projects\PIC-TAC-TOS\examples\NTSC.X\main.asm
                isr_black   0x000011    program     static E:\OneDrive - Rose-Hulman Institute of Technology\Documents\Code Projects\PIC-TAC-TOS\examples\NTSC.X\main.asm
                    start   0x000005    program     static E:\OneDrive - Rose-Hulman Institute of Technology\Documents\Code Projects\PIC-TAC-TOS\examples\NTSC.X\main.asm
                    state   0x000020       data     static E:\OneDrive - Rose-Hulman Institute of Technology\Documents\Code Projects\PIC-TAC-TOS\examples\NTSC.X\main.asm



                              Symbols - Sorted by Address
                     Name    Address   Location    Storage File                     
                ---------  ---------  ---------  --------- ---------                
                    start   0x000005    program     static E:\OneDrive - Rose-Hulman Institute of Technology\Documents\Code Projects\PIC-TAC-TOS\examples\NTSC.X\main.asm
          _MAIN_PROG_0006   0x000006    program     static E:\OneDrive - Rose-Hulman Institute of Technology\Documents\Code Projects\PIC-TAC-TOS\examples\NTSC.X\main.asm
                      isr   0x000007    program     static E:\OneDrive - Rose-Hulman Institute of Technology\Documents\Code Projects\PIC-TAC-TOS\examples\NTSC.X\main.asm
                isr_black   0x000011    program     static E:\OneDrive - Rose-Hulman Institute of Technology\Documents\Code Projects\PIC-TAC-TOS\examples\NTSC.X\main.asm
                init_tmr0   0x000019    program     static E:\OneDrive - Rose-Hulman Institute of Technology\Documents\Code Projects\PIC-TAC-TOS\examples\NTSC.X\main.asm
                    state   0x000020       data     static E:\OneDrive - Rose-Hulman Institute of Technology\Documents\Code Projects\PIC-TAC-TOS\examples\NTSC.X\main.asm


